May 18 22:36:57 ssh-sensor-01 sshd[30000]: Accepted publickey for backup from 198.51.100.25 port 44974 ssh2
May 18 22:36:57 ssh-sensor-01 sshd[30001]: Accepted publickey for backup from 198.51.100.24 port 54549 ssh2
May 18 23:39:10 ssh-sensor-01 sshd[30000]: Accepted publickey for ops from 198.51.100.25 port 45606 ssh2
May 18 23:39:11 ssh-sensor-01 sshd[30001]: Accepted publickey for deploy from 198.51.100.25 port 48283 ssh2
May 18 23:39:11 ssh-sensor-01 sshd[30002]: Accepted publickey for ops from 198.51.100.24 port 34802 ssh2
May 18 23:39:12 ssh-sensor-01 sshd[30003]: Failed password for invalid user oracle from 203.0.113.90 port 30808 ssh2
May 18 23:39:12 ssh-sensor-01 sshd[30004]: Accepted publickey for deploy from 198.51.100.25 port 48341 ssh2
May 18 23:39:13 ssh-sensor-01 sshd[30005]: Accepted publickey for deploy from 198.51.100.24 port 45979 ssh2
May 18 23:39:13 ssh-sensor-01 sshd[30006]: Accepted publickey for ops from 198.51.100.25 port 60080 ssh2
May 18 23:39:14 ssh-sensor-01 sshd[30007]: Failed password for invalid user root from 203.0.113.90 port 60112 ssh2
May 18 23:39:14 ssh-sensor-01 sshd[30008]: Accepted publickey for ops from 198.51.100.25 port 59977 ssh2
May 18 23:39:15 ssh-sensor-01 sshd[30009]: Accepted publickey for deploy from 198.51.100.24 port 50385 ssh2
May 18 23:39:15 ssh-sensor-01 sshd[30010]: Accepted publickey for ops from 198.51.100.25 port 38578 ssh2
May 18 23:39:16 ssh-sensor-01 sshd[30011]: Failed password for invalid user deploy from 203.0.113.90 port 37564 ssh2
May 18 23:39:16 ssh-sensor-01 sshd[30012]: Accepted publickey for deploy from 198.51.100.24 port 31362 ssh2
May 18 23:39:17 ssh-sensor-01 sshd[30013]: Accepted publickey for deploy from 198.51.100.25 port 37801 ssh2
May 18 23:39:17 ssh-sensor-01 sshd[30014]: Accepted publickey for deploy from 198.51.100.24 port 55617 ssh2
May 18 23:39:18 ssh-sensor-01 sshd[30015]: Failed password for invalid user deploy from 203.0.113.90 port 41478 ssh2
May 18 23:39:18 ssh-sensor-01 sshd[30016]: Accepted publickey for deploy from 198.51.100.24 port 38834 ssh2
May 18 23:39:19 ssh-sensor-01 sshd[30017]: Accepted publickey for backup from 198.51.100.25 port 33286 ssh2
May 18 23:39:19 ssh-sensor-01 sshd[30018]: Accepted publickey for backup from 198.51.100.25 port 45589 ssh2
May 18 23:39:20 ssh-sensor-01 sshd[30019]: Failed password for invalid user test from 203.0.113.90 port 46839 ssh2
May 18 23:39:20 ssh-sensor-01 sshd[30020]: Accepted publickey for ops from 198.51.100.25 port 32209 ssh2
May 18 23:39:21 ssh-sensor-01 sshd[30021]: Accepted publickey for deploy from 198.51.100.24 port 33571 ssh2
May 18 23:39:21 ssh-sensor-01 sshd[30022]: Accepted publickey for backup from 198.51.100.24 port 39198 ssh2
May 18 23:39:22 ssh-sensor-01 sshd[30023]: Failed password for invalid user deploy from 203.0.113.90 port 41425 ssh2
May 18 23:39:22 ssh-sensor-01 sshd[30024]: Accepted publickey for deploy from 198.51.100.25 port 37493 ssh2
May 18 23:39:23 ssh-sensor-01 sshd[30025]: Accepted publickey for deploy from 198.51.100.25 port 60702 ssh2
May 18 23:39:23 ssh-sensor-01 sshd[30026]: Accepted publickey for backup from 198.51.100.24 port 34450 ssh2
May 18 23:39:24 ssh-sensor-01 sshd[30027]: Failed password for invalid user root from 203.0.113.90 port 53143 ssh2
May 18 23:39:24 ssh-sensor-01 sshd[30028]: Accepted publickey for deploy from 198.51.100.24 port 34000 ssh2
May 18 23:39:25 ssh-sensor-01 sshd[30029]: Accepted publickey for ops from 198.51.100.25 port 39009 ssh2
May 18 23:39:25 ssh-sensor-01 sshd[30030]: Accepted publickey for deploy from 198.51.100.24 port 40862 ssh2
May 18 23:39:26 ssh-sensor-01 sshd[30031]: Failed password for invalid user test from 203.0.113.90 port 44070 ssh2
May 18 23:39:27 ssh-sensor-01 sshd[30032]: Accepted publickey for deploy from 198.51.100.25 port 33365 ssh2
May 18 23:39:27 ssh-sensor-01 sshd[30033]: Accepted publickey for backup from 198.51.100.25 port 46683 ssh2
May 18 23:39:28 ssh-sensor-01 sshd[30034]: Accepted publickey for backup from 198.51.100.24 port 31816 ssh2
May 18 23:39:28 ssh-sensor-01 sshd[30035]: Failed password for invalid user admin from 203.0.113.90 port 47067 ssh2
May 18 23:39:29 ssh-sensor-01 sshd[30036]: Accepted publickey for deploy from 198.51.100.25 port 50688 ssh2
May 18 23:39:29 ssh-sensor-01 sshd[30037]: Accepted publickey for backup from 198.51.100.24 port 42721 ssh2
May 18 23:39:30 ssh-sensor-01 sshd[30038]: Accepted publickey for ops from 198.51.100.24 port 39503 ssh2
May 18 23:39:30 ssh-sensor-01 sshd[30039]: Failed password for invalid user admin from 203.0.113.90 port 32161 ssh2
May 18 23:39:31 ssh-sensor-01 sshd[30040]: Accepted publickey for deploy from 198.51.100.24 port 46144 ssh2
May 18 23:39:31 ssh-sensor-01 sshd[30041]: Accepted publickey for backup from 198.51.100.25 port 51082 ssh2
May 18 23:39:32 ssh-sensor-01 sshd[30042]: Accepted publickey for deploy from 198.51.100.24 port 55264 ssh2
May 18 23:39:32 ssh-sensor-01 sshd[30043]: Failed password for invalid user deploy from 203.0.113.90 port 46097 ssh2
May 18 23:39:33 ssh-sensor-01 sshd[30044]: Accepted publickey for backup from 198.51.100.24 port 50703 ssh2
May 18 23:39:33 ssh-sensor-01 sshd[30045]: Accepted publickey for backup from 198.51.100.25 port 39783 ssh2
May 18 23:39:34 ssh-sensor-01 sshd[30046]: Accepted publickey for ops from 198.51.100.24 port 36836 ssh2
May 18 23:39:34 ssh-sensor-01 sshd[30047]: Failed password for invalid user test from 203.0.113.90 port 34750 ssh2
May 18 23:39:35 ssh-sensor-01 sshd[30048]: Accepted publickey for ops from 198.51.100.25 port 44880 ssh2
May 18 23:39:35 ssh-sensor-01 sshd[30049]: Accepted publickey for ops from 198.51.100.25 port 56436 ssh2
May 18 23:39:36 ssh-sensor-01 sshd[30050]: Accepted publickey for backup from 198.51.100.24 port 50084 ssh2
May 18 23:39:36 ssh-sensor-01 sshd[30051]: Failed password for invalid user test from 203.0.113.90 port 46783 ssh2
May 18 23:39:37 ssh-sensor-01 sshd[30052]: Accepted publickey for ops from 198.51.100.25 port 35944 ssh2
May 18 23:39:37 ssh-sensor-01 sshd[30053]: Accepted publickey for ops from 198.51.100.24 port 54579 ssh2
May 18 23:39:38 ssh-sensor-01 sshd[30054]: Accepted publickey for deploy from 198.51.100.25 port 40568 ssh2
May 18 23:39:38 ssh-sensor-01 sshd[30055]: Failed password for invalid user test from 203.0.113.90 port 32955 ssh2
May 18 23:39:39 ssh-sensor-01 sshd[30056]: Accepted publickey for backup from 198.51.100.25 port 45085 ssh2
May 18 23:39:39 ssh-sensor-01 sshd[30057]: Accepted publickey for ops from 198.51.100.25 port 58071 ssh2
May 18 23:39:40 ssh-sensor-01 sshd[30058]: Accepted publickey for ops from 198.51.100.24 port 44440 ssh2
May 18 23:39:40 ssh-sensor-01 sshd[30059]: Failed password for invalid user deploy from 203.0.113.90 port 56711 ssh2
May 18 23:39:41 ssh-sensor-01 sshd[30060]: Accepted publickey for backup from 198.51.100.24 port 30540 ssh2
May 18 23:39:41 ssh-sensor-01 sshd[30061]: Accepted publickey for ops from 198.51.100.25 port 45994 ssh2
May 18 23:39:42 ssh-sensor-01 sshd[30062]: Accepted publickey for ops from 198.51.100.24 port 42876 ssh2
May 18 23:39:42 ssh-sensor-01 sshd[30063]: Failed password for invalid user admin from 203.0.113.90 port 49438 ssh2
May 18 23:39:43 ssh-sensor-01 sshd[30064]: Accepted publickey for deploy from 198.51.100.25 port 60875 ssh2
May 18 23:39:43 ssh-sensor-01 sshd[30065]: Accepted publickey for deploy from 198.51.100.24 port 60202 ssh2
May 18 23:39:44 ssh-sensor-01 sshd[30066]: Accepted publickey for deploy from 198.51.100.24 port 49571 ssh2
May 18 23:39:44 ssh-sensor-01 sshd[30067]: Failed password for invalid user admin from 203.0.113.90 port 43135 ssh2
May 18 23:39:45 ssh-sensor-01 sshd[30068]: Accepted publickey for deploy from 198.51.100.25 port 32291 ssh2
May 18 23:39:45 ssh-sensor-01 sshd[30069]: Accepted publickey for backup from 198.51.100.24 port 30625 ssh2
May 18 23:39:46 ssh-sensor-01 sshd[30070]: Accepted publickey for deploy from 198.51.100.24 port 51614 ssh2
May 18 23:39:46 ssh-sensor-01 sshd[30071]: Failed password for invalid user deploy from 203.0.113.90 port 37650 ssh2
May 18 23:39:47 ssh-sensor-01 sshd[30072]: Accepted publickey for backup from 198.51.100.25 port 56416 ssh2
May 18 23:39:47 ssh-sensor-01 sshd[30073]: Accepted publickey for backup from 198.51.100.25 port 53377 ssh2
May 18 23:39:48 ssh-sensor-01 sshd[30074]: Accepted publickey for backup from 198.51.100.25 port 37361 ssh2
May 18 23:39:48 ssh-sensor-01 sshd[30075]: Failed password for invalid user oracle from 203.0.113.90 port 56318 ssh2
May 18 23:39:49 ssh-sensor-01 sshd[30076]: Accepted publickey for deploy from 198.51.100.24 port 48857 ssh2
May 18 23:39:49 ssh-sensor-01 sshd[30077]: Accepted publickey for ops from 198.51.100.25 port 44206 ssh2
May 18 23:39:50 ssh-sensor-01 sshd[30078]: Accepted publickey for ops from 198.51.100.25 port 41685 ssh2
May 18 23:39:50 ssh-sensor-01 sshd[30079]: Failed password for invalid user test from 203.0.113.90 port 42387 ssh2
May 18 23:39:51 ssh-sensor-01 sshd[30080]: Accepted publickey for deploy from 198.51.100.24 port 50080 ssh2
May 18 23:39:51 ssh-sensor-01 sshd[30081]: Accepted publickey for backup from 198.51.100.25 port 54740 ssh2
May 18 23:39:52 ssh-sensor-01 sshd[30082]: Accepted publickey for backup from 198.51.100.24 port 33999 ssh2
May 18 23:39:52 ssh-sensor-01 sshd[30083]: Failed password for invalid user admin from 203.0.113.90 port 30529 ssh2
May 18 23:39:53 ssh-sensor-01 sshd[30084]: Accepted publickey for ops from 198.51.100.25 port 40077 ssh2
May 18 23:39:53 ssh-sensor-01 sshd[30085]: Accepted publickey for backup from 198.51.100.24 port 58872 ssh2
May 18 23:39:54 ssh-sensor-01 sshd[30086]: Accepted publickey for backup from 198.51.100.25 port 60308 ssh2
May 18 23:39:54 ssh-sensor-01 sshd[30087]: Failed password for invalid user admin from 203.0.113.90 port 34768 ssh2
May 18 23:39:55 ssh-sensor-01 sshd[30088]: Accepted publickey for ops from 198.51.100.25 port 31506 ssh2
May 18 23:39:55 ssh-sensor-01 sshd[30089]: Accepted publickey for ops from 198.51.100.25 port 41844 ssh2
May 18 23:39:56 ssh-sensor-01 sshd[30090]: Accepted publickey for ops from 198.51.100.25 port 38029 ssh2
May 18 23:39:56 ssh-sensor-01 sshd[30091]: Failed password for invalid user test from 203.0.113.90 port 51588 ssh2
May 18 23:39:57 ssh-sensor-01 sshd[30092]: Accepted publickey for backup from 198.51.100.24 port 31204 ssh2
May 18 23:39:57 ssh-sensor-01 sshd[30093]: Accepted publickey for backup from 198.51.100.25 port 36367 ssh2
May 18 23:39:58 ssh-sensor-01 sshd[30094]: Accepted publickey for deploy from 198.51.100.24 port 30106 ssh2
May 18 23:39:58 ssh-sensor-01 sshd[30095]: Failed password for invalid user root from 203.0.113.90 port 55464 ssh2
May 18 23:39:59 ssh-sensor-01 sshd[30096]: Accepted publickey for backup from 198.51.100.24 port 49785 ssh2
May 18 23:39:59 ssh-sensor-01 sshd[30097]: Accepted publickey for backup from 198.51.100.24 port 39585 ssh2
May 18 23:40:00 ssh-sensor-01 sshd[30098]: Accepted publickey for ops from 198.51.100.25 port 30412 ssh2
May 18 23:40:00 ssh-sensor-01 sshd[30099]: Failed password for invalid user deploy from 203.0.113.90 port 32499 ssh2
May 18 23:50:06 ssh-sensor-01 sshd[30000]: Accepted publickey for backup from 198.51.100.24 port 40016 ssh2
May 18 23:50:06 ssh-sensor-01 sshd[30001]: Accepted publickey for backup from 198.51.100.24 port 33521 ssh2
May 18 23:50:07 ssh-sensor-01 sshd[30002]: Accepted publickey for backup from 198.51.100.24 port 46561 ssh2
May 18 23:50:07 ssh-sensor-01 sshd[30003]: Failed password for invalid user oracle from 203.0.113.90 port 47863 ssh2
May 18 23:50:08 ssh-sensor-01 sshd[30004]: Accepted publickey for ops from 198.51.100.25 port 40416 ssh2
May 18 23:50:08 ssh-sensor-01 sshd[30005]: Accepted publickey for backup from 198.51.100.25 port 37838 ssh2
May 18 23:50:09 ssh-sensor-01 sshd[30006]: Accepted publickey for backup from 198.51.100.25 port 40706 ssh2
May 18 23:50:09 ssh-sensor-01 sshd[30007]: Failed password for invalid user test from 203.0.113.90 port 58346 ssh2
May 18 23:50:10 ssh-sensor-01 sshd[30008]: Accepted publickey for backup from 198.51.100.24 port 37117 ssh2
May 18 23:50:10 ssh-sensor-01 sshd[30009]: Accepted publickey for backup from 198.51.100.24 port 44193 ssh2
May 18 23:50:11 ssh-sensor-01 sshd[30010]: Accepted publickey for backup from 198.51.100.25 port 49758 ssh2
May 18 23:50:11 ssh-sensor-01 sshd[30011]: Failed password for invalid user root from 203.0.113.90 port 36355 ssh2
May 18 23:50:12 ssh-sensor-01 sshd[30012]: Accepted publickey for ops from 198.51.100.25 port 44182 ssh2
May 18 23:50:12 ssh-sensor-01 sshd[30013]: Accepted publickey for backup from 198.51.100.24 port 35515 ssh2
May 18 23:50:13 ssh-sensor-01 sshd[30014]: Accepted publickey for backup from 198.51.100.24 port 40664 ssh2
May 18 23:50:13 ssh-sensor-01 sshd[30015]: Failed password for invalid user oracle from 203.0.113.90 port 52212 ssh2
May 18 23:50:14 ssh-sensor-01 sshd[30016]: Accepted publickey for backup from 198.51.100.25 port 43789 ssh2
May 18 23:50:14 ssh-sensor-01 sshd[30017]: Accepted publickey for ops from 198.51.100.25 port 41672 ssh2
May 18 23:50:15 ssh-sensor-01 sshd[30018]: Accepted publickey for backup from 198.51.100.25 port 34713 ssh2
May 18 23:50:15 ssh-sensor-01 sshd[30019]: Failed password for invalid user deploy from 203.0.113.90 port 37055 ssh2
May 18 23:50:16 ssh-sensor-01 sshd[30020]: Accepted publickey for ops from 198.51.100.25 port 52330 ssh2
May 18 23:50:16 ssh-sensor-01 sshd[30021]: Accepted publickey for backup from 198.51.100.25 port 38435 ssh2
May 18 23:50:17 ssh-sensor-01 sshd[30022]: Accepted publickey for ops from 198.51.100.24 port 30379 ssh2
May 18 23:50:17 ssh-sensor-01 sshd[30023]: Failed password for invalid user admin from 203.0.113.90 port 48305 ssh2
May 18 23:50:18 ssh-sensor-01 sshd[30024]: Accepted publickey for ops from 198.51.100.24 port 54191 ssh2
May 18 23:50:18 ssh-sensor-01 sshd[30025]: Accepted publickey for backup from 198.51.100.25 port 59343 ssh2
May 18 23:50:19 ssh-sensor-01 sshd[30026]: Accepted publickey for ops from 198.51.100.24 port 36011 ssh2
May 18 23:50:19 ssh-sensor-01 sshd[30027]: Failed password for invalid user oracle from 203.0.113.90 port 50008 ssh2
May 18 23:50:20 ssh-sensor-01 sshd[30028]: Accepted publickey for ops from 198.51.100.25 port 53329 ssh2
May 18 23:50:20 ssh-sensor-01 sshd[30029]: Accepted publickey for ops from 198.51.100.25 port 55111 ssh2
May 18 23:50:21 ssh-sensor-01 sshd[30030]: Accepted publickey for ops from 198.51.100.25 port 30343 ssh2
May 18 23:50:21 ssh-sensor-01 sshd[30031]: Failed password for invalid user deploy from 203.0.113.90 port 39524 ssh2
May 18 23:50:22 ssh-sensor-01 sshd[30032]: Accepted publickey for deploy from 198.51.100.25 port 42336 ssh2
May 18 23:50:23 ssh-sensor-01 sshd[30033]: Accepted publickey for backup from 198.51.100.24 port 42362 ssh2
May 18 23:50:23 ssh-sensor-01 sshd[30034]: Accepted publickey for deploy from 198.51.100.25 port 51582 ssh2
May 18 23:50:24 ssh-sensor-01 sshd[30035]: Failed password for invalid user root from 203.0.113.90 port 35030 ssh2
May 18 23:50:24 ssh-sensor-01 sshd[30036]: Accepted publickey for backup from 198.51.100.24 port 51174 ssh2
May 18 23:50:25 ssh-sensor-01 sshd[30037]: Accepted publickey for backup from 198.51.100.24 port 46131 ssh2
May 18 23:50:25 ssh-sensor-01 sshd[30038]: Accepted publickey for backup from 198.51.100.24 port 60000 ssh2
May 18 23:50:26 ssh-sensor-01 sshd[30039]: Failed password for invalid user admin from 203.0.113.90 port 60867 ssh2
May 18 23:50:26 ssh-sensor-01 sshd[30040]: Accepted publickey for deploy from 198.51.100.24 port 55208 ssh2
May 18 23:50:27 ssh-sensor-01 sshd[30041]: Accepted publickey for deploy from 198.51.100.25 port 42355 ssh2
May 18 23:50:27 ssh-sensor-01 sshd[30042]: Accepted publickey for backup from 198.51.100.25 port 41062 ssh2
May 18 23:50:28 ssh-sensor-01 sshd[30043]: Failed password for invalid user test from 203.0.113.90 port 53141 ssh2
May 18 23:50:28 ssh-sensor-01 sshd[30044]: Accepted publickey for ops from 198.51.100.25 port 38393 ssh2
May 18 23:50:29 ssh-sensor-01 sshd[30045]: Accepted publickey for backup from 198.51.100.25 port 60490 ssh2
May 18 23:50:29 ssh-sensor-01 sshd[30046]: Accepted publickey for ops from 198.51.100.25 port 41069 ssh2
May 18 23:50:30 ssh-sensor-01 sshd[30047]: Failed password for invalid user test from 203.0.113.90 port 31209 ssh2
May 18 23:50:30 ssh-sensor-01 sshd[30048]: Accepted publickey for deploy from 198.51.100.25 port 44760 ssh2
May 18 23:50:31 ssh-sensor-01 sshd[30049]: Accepted publickey for backup from 198.51.100.24 port 35905 ssh2
May 18 23:50:31 ssh-sensor-01 sshd[30050]: Accepted publickey for deploy from 198.51.100.24 port 54537 ssh2
May 18 23:50:32 ssh-sensor-01 sshd[30051]: Failed password for invalid user oracle from 203.0.113.90 port 40582 ssh2
May 18 23:50:32 ssh-sensor-01 sshd[30052]: Accepted publickey for backup from 198.51.100.25 port 46317 ssh2
May 18 23:50:33 ssh-sensor-01 sshd[30053]: Accepted publickey for ops from 198.51.100.25 port 59129 ssh2
May 18 23:50:33 ssh-sensor-01 sshd[30054]: Accepted publickey for deploy from 198.51.100.24 port 36692 ssh2
May 18 23:50:34 ssh-sensor-01 sshd[30055]: Failed password for invalid user oracle from 203.0.113.90 port 49803 ssh2
May 18 23:50:34 ssh-sensor-01 sshd[30056]: Accepted publickey for backup from 198.51.100.24 port 59263 ssh2
May 18 23:50:35 ssh-sensor-01 sshd[30057]: Accepted publickey for ops from 198.51.100.25 port 57550 ssh2
May 18 23:50:35 ssh-sensor-01 sshd[30058]: Accepted publickey for deploy from 198.51.100.25 port 45228 ssh2
May 18 23:50:36 ssh-sensor-01 sshd[30059]: Failed password for invalid user admin from 203.0.113.90 port 40560 ssh2
May 18 23:50:36 ssh-sensor-01 sshd[30060]: Accepted publickey for ops from 198.51.100.24 port 56062 ssh2
May 18 23:50:37 ssh-sensor-01 sshd[30061]: Accepted publickey for ops from 198.51.100.25 port 42114 ssh2
May 18 23:50:37 ssh-sensor-01 sshd[30062]: Accepted publickey for backup from 198.51.100.24 port 37015 ssh2
May 18 23:50:38 ssh-sensor-01 sshd[30063]: Failed password for invalid user root from 203.0.113.90 port 48907 ssh2
May 18 23:50:38 ssh-sensor-01 sshd[30064]: Accepted publickey for backup from 198.51.100.24 port 38290 ssh2
May 18 23:50:39 ssh-sensor-01 sshd[30065]: Accepted publickey for deploy from 198.51.100.25 port 48513 ssh2
May 18 23:50:39 ssh-sensor-01 sshd[30066]: Accepted publickey for ops from 198.51.100.25 port 53793 ssh2
May 18 23:50:40 ssh-sensor-01 sshd[30067]: Failed password for invalid user deploy from 203.0.113.90 port 54006 ssh2
May 18 23:50:40 ssh-sensor-01 sshd[30068]: Accepted publickey for backup from 198.51.100.25 port 58526 ssh2
May 18 23:50:41 ssh-sensor-01 sshd[30069]: Accepted publickey for backup from 198.51.100.25 port 55267 ssh2
May 18 23:50:41 ssh-sensor-01 sshd[30070]: Accepted publickey for ops from 198.51.100.24 port 32378 ssh2
May 18 23:50:42 ssh-sensor-01 sshd[30071]: Failed password for invalid user oracle from 203.0.113.90 port 58878 ssh2
May 18 23:50:42 ssh-sensor-01 sshd[30072]: Accepted publickey for backup from 198.51.100.24 port 43914 ssh2
May 18 23:50:43 ssh-sensor-01 sshd[30073]: Accepted publickey for backup from 198.51.100.25 port 49045 ssh2
May 18 23:50:43 ssh-sensor-01 sshd[30074]: Accepted publickey for deploy from 198.51.100.24 port 47647 ssh2
May 18 23:50:44 ssh-sensor-01 sshd[30075]: Failed password for invalid user test from 203.0.113.90 port 58733 ssh2
May 18 23:50:44 ssh-sensor-01 sshd[30076]: Accepted publickey for ops from 198.51.100.24 port 34997 ssh2
May 18 23:50:45 ssh-sensor-01 sshd[30077]: Accepted publickey for deploy from 198.51.100.24 port 45251 ssh2
May 18 23:50:45 ssh-sensor-01 sshd[30078]: Accepted publickey for backup from 198.51.100.24 port 41471 ssh2
May 18 23:50:46 ssh-sensor-01 sshd[30079]: Failed password for invalid user root from 203.0.113.90 port 51366 ssh2
May 18 23:50:46 ssh-sensor-01 sshd[30080]: Accepted publickey for deploy from 198.51.100.24 port 31385 ssh2
May 18 23:50:47 ssh-sensor-01 sshd[30081]: Accepted publickey for backup from 198.51.100.25 port 34331 ssh2
May 18 23:50:47 ssh-sensor-01 sshd[30082]: Accepted publickey for deploy from 198.51.100.24 port 45248 ssh2
May 18 23:50:48 ssh-sensor-01 sshd[30083]: Failed password for invalid user oracle from 203.0.113.90 port 53687 ssh2
May 18 23:50:48 ssh-sensor-01 sshd[30084]: Accepted publickey for ops from 198.51.100.25 port 56562 ssh2
May 18 23:50:49 ssh-sensor-01 sshd[30085]: Accepted publickey for ops from 198.51.100.25 port 40971 ssh2
May 18 23:50:49 ssh-sensor-01 sshd[30086]: Accepted publickey for ops from 198.51.100.24 port 39847 ssh2
May 18 23:50:50 ssh-sensor-01 sshd[30087]: Failed password for invalid user admin from 203.0.113.90 port 48597 ssh2
May 18 23:50:50 ssh-sensor-01 sshd[30088]: Accepted publickey for backup from 198.51.100.24 port 46971 ssh2
May 18 23:50:51 ssh-sensor-01 sshd[30089]: Accepted publickey for ops from 198.51.100.24 port 60041 ssh2
May 18 23:50:51 ssh-sensor-01 sshd[30090]: Accepted publickey for backup from 198.51.100.25 port 32794 ssh2
May 18 23:50:52 ssh-sensor-01 sshd[30091]: Failed password for invalid user root from 203.0.113.90 port 52300 ssh2
May 18 23:50:52 ssh-sensor-01 sshd[30092]: Accepted publickey for ops from 198.51.100.25 port 46262 ssh2
May 18 23:50:53 ssh-sensor-01 sshd[30093]: Accepted publickey for deploy from 198.51.100.24 port 59384 ssh2
May 18 23:50:53 ssh-sensor-01 sshd[30094]: Accepted publickey for ops from 198.51.100.25 port 30219 ssh2
May 18 23:50:54 ssh-sensor-01 sshd[30095]: Failed password for invalid user admin from 203.0.113.90 port 59456 ssh2
May 18 23:50:54 ssh-sensor-01 sshd[30096]: Accepted publickey for backup from 198.51.100.24 port 42775 ssh2
May 18 23:50:55 ssh-sensor-01 sshd[30097]: Accepted publickey for backup from 198.51.100.25 port 58132 ssh2
May 18 23:50:55 ssh-sensor-01 sshd[30098]: Accepted publickey for deploy from 198.51.100.24 port 48104 ssh2
May 18 23:50:56 ssh-sensor-01 sshd[30099]: Failed password for invalid user root from 203.0.113.90 port 45996 ssh2
May 19 00:00:39 ssh-sensor-01 sshd[30000]: Accepted publickey for ops from 198.51.100.24 port 38653 ssh2
May 19 00:00:40 ssh-sensor-01 sshd[30001]: Accepted publickey for ops from 198.51.100.25 port 50124 ssh2
May 19 00:00:40 ssh-sensor-01 sshd[30002]: Accepted publickey for deploy from 198.51.100.24 port 53174 ssh2
May 19 00:00:41 ssh-sensor-01 sshd[30003]: Failed password for invalid user root from 203.0.113.90 port 47366 ssh2
May 19 00:00:41 ssh-sensor-01 sshd[30004]: Accepted publickey for deploy from 198.51.100.25 port 51174 ssh2
May 19 00:00:42 ssh-sensor-01 sshd[30005]: Accepted publickey for ops from 198.51.100.25 port 42858 ssh2
May 19 00:00:42 ssh-sensor-01 sshd[30006]: Accepted publickey for ops from 198.51.100.24 port 54878 ssh2
May 19 00:00:43 ssh-sensor-01 sshd[30007]: Failed password for invalid user admin from 203.0.113.90 port 32387 ssh2
May 19 00:00:43 ssh-sensor-01 sshd[30008]: Accepted publickey for deploy from 198.51.100.24 port 60620 ssh2
May 19 00:00:44 ssh-sensor-01 sshd[30009]: Accepted publickey for deploy from 198.51.100.24 port 42205 ssh2
May 19 00:30:41 ssh-sensor-01 sshd[30000]: Accepted publickey for ops from 198.51.100.25 port 49911 ssh2
May 19 00:30:41 ssh-sensor-01 sshd[30001]: Accepted publickey for ops from 198.51.100.24 port 58401 ssh2
May 19 00:34:43 ssh-sensor-01 sshd[30000]: Accepted publickey for ops from 198.51.100.24 port 53315 ssh2
May 19 00:34:43 ssh-sensor-01 sshd[30001]: Accepted publickey for deploy from 198.51.100.24 port 38688 ssh2
May 19 00:37:13 ssh-sensor-01 sshd[30000]: Accepted publickey for backup from 198.51.100.25 port 35720 ssh2
May 19 00:40:39 ssh-sensor-01 sshd[30000]: Accepted publickey for backup from 198.51.100.24 port 53712 ssh2
May 19 00:40:39 ssh-sensor-01 sshd[30001]: Accepted publickey for deploy from 198.51.100.24 port 53360 ssh2
May 19 00:40:40 ssh-sensor-01 sshd[30002]: Accepted publickey for ops from 198.51.100.24 port 37744 ssh2
May 19 00:40:40 ssh-sensor-01 sshd[30003]: Failed password for invalid user root from 203.0.113.90 port 51325 ssh2
May 19 00:40:41 ssh-sensor-01 sshd[30004]: Accepted publickey for ops from 198.51.100.25 port 54789 ssh2
May 19 00:40:41 ssh-sensor-01 sshd[30005]: Accepted publickey for deploy from 198.51.100.25 port 52658 ssh2
May 19 00:40:42 ssh-sensor-01 sshd[30006]: Accepted publickey for backup from 198.51.100.24 port 50562 ssh2
May 19 00:40:42 ssh-sensor-01 sshd[30007]: Failed password for invalid user oracle from 203.0.113.90 port 35826 ssh2
May 19 00:40:43 ssh-sensor-01 sshd[30008]: Accepted publickey for ops from 198.51.100.25 port 31572 ssh2
May 19 00:40:43 ssh-sensor-01 sshd[30009]: Accepted publickey for deploy from 198.51.100.25 port 55273 ssh2
May 19 00:48:39 vpn-gateway-01 sshd[30695]: Failed password for root from 192.0.2.222 port 49943 ssh2
May 19 00:48:39 ssh-sensor-01 sshd[31858]: Accepted password for monitor from 198.51.100.36 port 51143 ssh2
May 19 00:48:40 ssh-sensor-02 sshd[30076]: Accepted publickey for deploy from 192.0.2.41 port 34453 ssh2
May 19 00:48:40 ssh-sensor-01 sshd[31852]: Connection closed by 203.0.113.92 port 32137 [preauth]
May 19 00:48:41 ssh-sensor-01 sshd[31019]: Accepted password for monitor from 198.51.100.36 port 44294 ssh2
May 19 00:48:41 ssh-sensor-01 sshd[31713]: Accepted password for monitor from 198.51.100.25 port 49420 ssh2
May 19 00:48:42 vpn-gateway-01 sshd[30806]: Accepted publickey for git from 192.0.2.42 port 50177 ssh2
May 19 00:48:42 ssh-sensor-02 sshd[30832]: Accepted password for ops from 192.0.2.42 port 53190 ssh2
May 19 00:48:43 ssh-sensor-02 sshd[32240]: Accepted publickey for backup from 192.0.2.42 port 46100 ssh2
May 19 00:48:43 edge-bastion-01 sshd[32407]: Accepted password for monitor from 198.51.100.36 port 50400 ssh2
